// Jest Snapshot v1, https://goo.gl/fbAQLP

exports[`test on <GifExpertApp /> should render the GifExpertApp component correctly 1`] = `
<h1>
  GifExpertApp
</h1>
`;
